Archive member included because of file (symbol)

d:/edu/cat/interfacing/imt_sdk_win_64/winavr/bin/../lib/gcc/avr/4.3.3/avr5\libgcc.a(_exit.o)
                              d:/edu/cat/interfacing/imt_sdk_win_64/winavr/bin/../lib/gcc/avr/4.3.3/../../../../avr/lib/avr5/crtm32.o (exit)
d:/edu/cat/interfacing/imt_sdk_win_64/winavr/bin/../lib/gcc/avr/4.3.3/avr5\libgcc.a(_copy_data.o)
                              ./EXTI_config.o (__do_copy_data)
d:/edu/cat/interfacing/imt_sdk_win_64/winavr/bin/../lib/gcc/avr/4.3.3/avr5\libgcc.a(_clear_bss.o)
                              ./ADC_prog.o (__do_clear_bss)

Memory Configuration

Name             Origin             Length             Attributes
text             0x00000000         0x00020000         xr
data             0x00800060         0x0000ffa0         rw !x
eeprom           0x00810000         0x00010000         rw !x
fuse             0x00820000         0x00000400         rw !x
lock             0x00830000         0x00000400         rw !x
signature        0x00840000         0x00000400         rw !x
*default*        0x00000000         0xffffffff

Linker script and memory map

LOAD d:/edu/cat/interfacing/imt_sdk_win_64/winavr/bin/../lib/gcc/avr/4.3.3/../../../../avr/lib/avr5/crtm32.o
LOAD ./ADC_prog.o
LOAD ./DIO_prog.o
LOAD ./EXTI_config.o
LOAD ./EXTI_prog.o
LOAD ./GIE_prog.o
LOAD ./main.o
LOAD d:/edu/cat/interfacing/imt_sdk_win_64/winavr/bin/../lib/gcc/avr/4.3.3/avr5\libgcc.a
LOAD d:/edu/cat/interfacing/imt_sdk_win_64/winavr/bin/../lib/gcc/avr/4.3.3/../../../../avr/lib/avr5\libc.a
LOAD d:/edu/cat/interfacing/imt_sdk_win_64/winavr/bin/../lib/gcc/avr/4.3.3/avr5\libgcc.a

.hash
 *(.hash)

.dynsym
 *(.dynsym)

.dynstr
 *(.dynstr)

.gnu.version
 *(.gnu.version)

.gnu.version_d
 *(.gnu.version_d)

.gnu.version_r
 *(.gnu.version_r)

.rel.init
 *(.rel.init)

.rela.init
 *(.rela.init)

.rel.text
 *(.rel.text)
 *(.rel.text.*)
 *(.rel.gnu.linkonce.t*)

.rela.text
 *(.rela.text)
 *(.rela.text.*)
 *(.rela.gnu.linkonce.t*)

.rel.fini
 *(.rel.fini)

.rela.fini
 *(.rela.fini)

.rel.rodata
 *(.rel.rodata)
 *(.rel.rodata.*)
 *(.rel.gnu.linkonce.r*)

.rela.rodata
 *(.rela.rodata)
 *(.rela.rodata.*)
 *(.rela.gnu.linkonce.r*)

.rel.data
 *(.rel.data)
 *(.rel.data.*)
 *(.rel.gnu.linkonce.d*)

.rela.data
 *(.rela.data)
 *(.rela.data.*)
 *(.rela.gnu.linkonce.d*)

.rel.ctors
 *(.rel.ctors)

.rela.ctors
 *(.rela.ctors)

.rel.dtors
 *(.rel.dtors)

.rela.dtors
 *(.rela.dtors)

.rel.got
 *(.rel.got)

.rela.got
 *(.rela.got)

.rel.bss
 *(.rel.bss)

.rela.bss
 *(.rela.bss)

.rel.plt
 *(.rel.plt)

.rela.plt
 *(.rela.plt)

.text           0x00000000     0x1470
 *(.vectors)
 .vectors       0x00000000       0x54 d:/edu/cat/interfacing/imt_sdk_win_64/winavr/bin/../lib/gcc/avr/4.3.3/../../../../avr/lib/avr5/crtm32.o
                0x00000000                __vectors
                0x00000000                __vector_default
 *(.vectors)
 *(.progmem.gcc*)
 *(.progmem*)
                0x00000054                . = ALIGN (0x2)
                0x00000054                __trampolines_start = .
 *(.trampolines)
 .trampolines   0x00000054        0x0 linker stubs
 *(.trampolines*)
                0x00000054                __trampolines_end = .
 *(.jumptables)
 *(.jumptables*)
 *(.lowtext)
 *(.lowtext*)
                0x00000054                __ctors_start = .
 *(.ctors)
                0x00000054                __ctors_end = .
                0x00000054                __dtors_start = .
 *(.dtors)
                0x00000054                __dtors_end = .
 SORT(*)(.ctors)
 SORT(*)(.dtors)
 *(.init0)
 .init0         0x00000054        0x0 d:/edu/cat/interfacing/imt_sdk_win_64/winavr/bin/../lib/gcc/avr/4.3.3/../../../../avr/lib/avr5/crtm32.o
                0x00000054                __init
 *(.init0)
 *(.init1)
 *(.init1)
 *(.init2)
 .init2         0x00000054        0xc d:/edu/cat/interfacing/imt_sdk_win_64/winavr/bin/../lib/gcc/avr/4.3.3/../../../../avr/lib/avr5/crtm32.o
 *(.init2)
 *(.init3)
 *(.init3)
 *(.init4)
 .init4         0x00000060       0x16 d:/edu/cat/interfacing/imt_sdk_win_64/winavr/bin/../lib/gcc/avr/4.3.3/avr5\libgcc.a(_copy_data.o)
                0x00000060                __do_copy_data
 .init4         0x00000076       0x10 d:/edu/cat/interfacing/imt_sdk_win_64/winavr/bin/../lib/gcc/avr/4.3.3/avr5\libgcc.a(_clear_bss.o)
                0x00000076                __do_clear_bss
 *(.init4)
 *(.init5)
 *(.init5)
 *(.init6)
 *(.init6)
 *(.init7)
 *(.init7)
 *(.init8)
 *(.init8)
 *(.init9)
 .init9         0x00000086        0x8 d:/edu/cat/interfacing/imt_sdk_win_64/winavr/bin/../lib/gcc/avr/4.3.3/../../../../avr/lib/avr5/crtm32.o
 *(.init9)
 *(.text)
 .text          0x0000008e        0x4 d:/edu/cat/interfacing/imt_sdk_win_64/winavr/bin/../lib/gcc/avr/4.3.3/../../../../avr/lib/avr5/crtm32.o
                0x0000008e                __vector_12
                0x0000008e                __bad_interrupt
                0x0000008e                __vector_6
                0x0000008e                __vector_11
                0x0000008e                __vector_13
                0x0000008e                __vector_17
                0x0000008e                __vector_19
                0x0000008e                __vector_7
                0x0000008e                __vector_5
                0x0000008e                __vector_4
                0x0000008e                __vector_9
                0x0000008e                __vector_15
                0x0000008e                __vector_8
                0x0000008e                __vector_14
                0x0000008e                __vector_10
                0x0000008e                __vector_18
                0x0000008e                __vector_20
 .text          0x00000092        0x0 ./ADC_prog.o
 .text          0x00000092        0x0 ./DIO_prog.o
 .text          0x00000092        0x0 ./EXTI_config.o
 .text          0x00000092        0x0 ./EXTI_prog.o
 .text          0x00000092        0x0 ./GIE_prog.o
 .text          0x00000092        0x0 ./main.o
 .text          0x00000092        0x0 d:/edu/cat/interfacing/imt_sdk_win_64/winavr/bin/../lib/gcc/avr/4.3.3/avr5\libgcc.a(_exit.o)
 .text          0x00000092        0x0 d:/edu/cat/interfacing/imt_sdk_win_64/winavr/bin/../lib/gcc/avr/4.3.3/avr5\libgcc.a(_copy_data.o)
 .text          0x00000092        0x0 d:/edu/cat/interfacing/imt_sdk_win_64/winavr/bin/../lib/gcc/avr/4.3.3/avr5\libgcc.a(_clear_bss.o)
                0x00000092                . = ALIGN (0x2)
 *(.text.*)
 .text.ADC_enuInit
                0x00000092       0x7a ./ADC_prog.o
                0x00000092                ADC_enuInit
 .text.ADC_enuStartConversion
                0x0000010c       0x26 ./ADC_prog.o
                0x0000010c                ADC_enuStartConversion
 .text.ADC_enuPollingSystem
                0x00000132       0x3c ./ADC_prog.o
                0x00000132                ADC_enuPollingSystem
 .text.ADC_enuReadHighValue
                0x0000016e       0x5e ./ADC_prog.o
                0x0000016e                ADC_enuReadHighValue
 .text.ADC_enuRead
                0x000001cc       0x56 ./ADC_prog.o
                0x000001cc                ADC_enuRead
 .text.ADC_enuCallBack
                0x00000222       0x4c ./ADC_prog.o
                0x00000222                ADC_enuCallBack
 .text.ADC_enuSelectChannel
                0x0000026e       0x3a ./ADC_prog.o
                0x0000026e                ADC_enuSelectChannel
 .text.ADC_enuEnableTriggeringMode
                0x000002a8       0xb2 ./ADC_prog.o
                0x000002a8                ADC_enuEnableTriggeringMode
 .text.ADC_enuDisableTriggeringMode
                0x0000035a       0x26 ./ADC_prog.o
                0x0000035a                ADC_enuDisableTriggeringMode
 .text.ADC_enuEnableInterruptMode
                0x00000380       0x26 ./ADC_prog.o
                0x00000380                ADC_enuEnableInterruptMode
 .text.__vector_16
                0x000003a6       0x6e ./ADC_prog.o
                0x000003a6                __vector_16
 .text.DIO_enuInit
                0x00000414       0x5a ./DIO_prog.o
                0x00000414                DIO_enuInit
 .text.DIO_enuSetPortDirection
                0x0000046e       0x9a ./DIO_prog.o
                0x0000046e                DIO_enuSetPortDirection
 .text.DIO_enuSetPortValue
                0x00000508       0x9a ./DIO_prog.o
                0x00000508                DIO_enuSetPortValue
 .text.DIO_enuTogPort
                0x000005a2       0xac ./DIO_prog.o
                0x000005a2                DIO_enuTogPort
 .text.DIO_enuGetPort
                0x0000064e       0xbc ./DIO_prog.o
                0x0000064e                DIO_enuGetPort
 .text.DIO_enuSetPinDirection
                0x0000070a      0x1d8 ./DIO_prog.o
                0x0000070a                DIO_enuSetPinDirection
 .text.DIO_enuSetPinValue
                0x000008e2      0x1d8 ./DIO_prog.o
                0x000008e2                DIO_enuSetPinValue
 .text.DIO_enuGetpin
                0x00000aba      0x13c ./DIO_prog.o
                0x00000aba                DIO_enuGetpin
 .text.DIO_enuTogPin
                0x00000bf6      0x11e ./DIO_prog.o
                0x00000bf6                DIO_enuTogPin
 .text.EXTI_enuInit
                0x00000d14      0x258 ./EXTI_prog.o
                0x00000d14                EXTI_enuInit
 .text.EXTI_enuSetSenceMode
                0x00000f6c      0x19c ./EXTI_prog.o
                0x00000f6c                EXTI_enuSetSenceMode
 .text.EXTI_enuEnableINT
                0x00001108       0x62 ./EXTI_prog.o
                0x00001108                EXTI_enuEnableINT
 .text.EXTI_enuDisableINT
                0x0000116a       0x62 ./EXTI_prog.o
                0x0000116a                EXTI_enuDisableINT
 .text.EXTI_enuCallBack
                0x000011cc       0x6e ./EXTI_prog.o
                0x000011cc                EXTI_enuCallBack
 .text.__vector_1
                0x0000123a       0x6e ./EXTI_prog.o
                0x0000123a                __vector_1
 .text.__vector_2
                0x000012a8       0x6e ./EXTI_prog.o
                0x000012a8                __vector_2
 .text.__vector_3
                0x00001316       0x6e ./EXTI_prog.o
                0x00001316                __vector_3
 .text.GIE_enuEnable
                0x00001384       0x26 ./GIE_prog.o
                0x00001384                GIE_enuEnable
 .text.GIE_enuDisable
                0x000013aa       0x26 ./GIE_prog.o
                0x000013aa                GIE_enuDisable
 .text.read     0x000013d0       0x20 ./main.o
                0x000013d0                read
 .text.main     0x000013f0       0x7c ./main.o
                0x000013f0                main
 .text.libgcc   0x0000146c        0x0 d:/edu/cat/interfacing/imt_sdk_win_64/winavr/bin/../lib/gcc/avr/4.3.3/avr5\libgcc.a(_exit.o)
 .text.libgcc   0x0000146c        0x0 d:/edu/cat/interfacing/imt_sdk_win_64/winavr/bin/../lib/gcc/avr/4.3.3/avr5\libgcc.a(_copy_data.o)
 .text.libgcc   0x0000146c        0x0 d:/edu/cat/interfacing/imt_sdk_win_64/winavr/bin/../lib/gcc/avr/4.3.3/avr5\libgcc.a(_clear_bss.o)
                0x0000146c                . = ALIGN (0x2)
 *(.fini9)
 .fini9         0x0000146c        0x0 d:/edu/cat/interfacing/imt_sdk_win_64/winavr/bin/../lib/gcc/avr/4.3.3/avr5\libgcc.a(_exit.o)
                0x0000146c                exit
                0x0000146c                _exit
 *(.fini9)
 *(.fini8)
 *(.fini8)
 *(.fini7)
 *(.fini7)
 *(.fini6)
 *(.fini6)
 *(.fini5)
 *(.fini5)
 *(.fini4)
 *(.fini4)
 *(.fini3)
 *(.fini3)
 *(.fini2)
 *(.fini2)
 *(.fini1)
 *(.fini1)
 *(.fini0)
 .fini0         0x0000146c        0x4 d:/edu/cat/interfacing/imt_sdk_win_64/winavr/bin/../lib/gcc/avr/4.3.3/avr5\libgcc.a(_exit.o)
 *(.fini0)
                0x00001470                _etext = .

.data           0x00800060        0x6 load address 0x00001470
                0x00800060                PROVIDE (__data_start, .)
 *(.data)
 .data          0x00800060        0x0 d:/edu/cat/interfacing/imt_sdk_win_64/winavr/bin/../lib/gcc/avr/4.3.3/../../../../avr/lib/avr5/crtm32.o
 .data          0x00800060        0x0 ./ADC_prog.o
 .data          0x00800060        0x0 ./DIO_prog.o
 .data          0x00800060        0x0 ./EXTI_config.o
 .data          0x00800060        0x0 ./EXTI_prog.o
 .data          0x00800060        0x0 ./GIE_prog.o
 .data          0x00800060        0x0 ./main.o
 .data          0x00800060        0x0 d:/edu/cat/interfacing/imt_sdk_win_64/winavr/bin/../lib/gcc/avr/4.3.3/avr5\libgcc.a(_exit.o)
 .data          0x00800060        0x0 d:/edu/cat/interfacing/imt_sdk_win_64/winavr/bin/../lib/gcc/avr/4.3.3/avr5\libgcc.a(_copy_data.o)
 .data          0x00800060        0x0 d:/edu/cat/interfacing/imt_sdk_win_64/winavr/bin/../lib/gcc/avr/4.3.3/avr5\libgcc.a(_clear_bss.o)
 *(.data*)
 .data.EXTI_AstrEXTIConfig
                0x00800060        0x6 ./EXTI_config.o
                0x00800060                EXTI_AstrEXTIConfig
 *(.rodata)
 *(.rodata*)
 *(.gnu.linkonce.d*)
                0x00800066                . = ALIGN (0x2)
                0x00800066                _edata = .
                0x00800066                PROVIDE (__data_end, .)

.bss            0x00800066       0x10
                0x00800066                PROVIDE (__bss_start, .)
 *(.bss)
 .bss           0x00800066        0x0 d:/edu/cat/interfacing/imt_sdk_win_64/winavr/bin/../lib/gcc/avr/4.3.3/../../../../avr/lib/avr5/crtm32.o
 .bss           0x00800066        0x0 ./ADC_prog.o
 .bss           0x00800066        0x0 ./DIO_prog.o
 .bss           0x00800066        0x0 ./EXTI_config.o
 .bss           0x00800066        0x0 ./EXTI_prog.o
 .bss           0x00800066        0x0 ./GIE_prog.o
 .bss           0x00800066        0x0 ./main.o
 .bss           0x00800066        0x0 d:/edu/cat/interfacing/imt_sdk_win_64/winavr/bin/../lib/gcc/avr/4.3.3/avr5\libgcc.a(_exit.o)
 .bss           0x00800066        0x0 d:/edu/cat/interfacing/imt_sdk_win_64/winavr/bin/../lib/gcc/avr/4.3.3/avr5\libgcc.a(_copy_data.o)
 .bss           0x00800066        0x0 d:/edu/cat/interfacing/imt_sdk_win_64/winavr/bin/../lib/gcc/avr/4.3.3/avr5\libgcc.a(_clear_bss.o)
 *(.bss*)
 .bss.ADC_pfunISRFun
                0x00800066        0x2 ./ADC_prog.o
 .bss.ADC_pvidISRParameter
                0x00800068        0x2 ./ADC_prog.o
 .bss.EXTI_ApfunINTFun
                0x0080006a        0x6 ./EXTI_prog.o
 .bss.EXTI_ApvidGenericparameter
                0x00800070        0x6 ./EXTI_prog.o
 *(COMMON)
                0x00800076                PROVIDE (__bss_end, .)
                0x00001470                __data_load_start = LOADADDR (.data)
                0x00001476                __data_load_end = (__data_load_start + SIZEOF (.data))

.noinit         0x00800076        0x0
                0x00800076                PROVIDE (__noinit_start, .)
 *(.noinit*)
                0x00800076                PROVIDE (__noinit_end, .)
                0x00800076                _end = .
                0x00800076                PROVIDE (__heap_start, .)

.eeprom         0x00810000        0x0
 *(.eeprom*)
                0x00810000                __eeprom_end = .

.fuse
 *(.fuse)
 *(.lfuse)
 *(.hfuse)
 *(.efuse)

.lock
 *(.lock*)

.signature
 *(.signature*)

.stab           0x00000000     0x1c2c
 *(.stab)
 .stab          0x00000000      0x720 ./ADC_prog.o
 .stab          0x00000720      0x8dc ./DIO_prog.o
                                0x948 (size before relaxing)
 .stab          0x00000ffc      0x120 ./EXTI_config.o
                                0x18c (size before relaxing)
 .stab          0x0000111c      0x720 ./EXTI_prog.o
                                0x7a4 (size before relaxing)
 .stab          0x0000183c      0x1c8 ./GIE_prog.o
                                0x234 (size before relaxing)
 .stab          0x00001a04      0x228 ./main.o
                                0x2ac (size before relaxing)

.stabstr        0x00000000      0x962
 *(.stabstr)
 .stabstr       0x00000000      0x962 ./ADC_prog.o

.stab.excl
 *(.stab.excl)

.stab.exclstr
 *(.stab.exclstr)

.stab.index
 *(.stab.index)

.stab.indexstr
 *(.stab.indexstr)

.comment
 *(.comment)

.debug
 *(.debug)

.line
 *(.line)

.debug_srcinfo
 *(.debug_srcinfo)

.debug_sfnames
 *(.debug_sfnames)

.debug_aranges
 *(.debug_aranges)

.debug_pubnames
 *(.debug_pubnames)

.debug_info
 *(.debug_info)
 *(.gnu.linkonce.wi.*)

.debug_abbrev
 *(.debug_abbrev)

.debug_line
 *(.debug_line)

.debug_frame
 *(.debug_frame)

.debug_str
 *(.debug_str)

.debug_loc
 *(.debug_loc)

.debug_macinfo
 *(.debug_macinfo)
OUTPUT(ADC_Driverss.elf elf32-avr)
LOAD linker stubs
